// Jest Snapshot v1, https://goo.gl/fbAQLP

exports[`Not Found page render correctly 1`] = `
<div>
  Not Found!
</div>
`;
